[nozzle] 100 series, CTX=128 TEST=32 device=mps
  SMU15000001500000001 done
  LFHU24MAHUM647S done
  ILWHLFN done
  UDEFNO done
  SMU55225400700000001SA done
  LAUCN420530000000005 done
  LFHUTTMAJPM647N done
  SMU53451044245500001 done
  LAUCN550410000000004 done
  TREAST done
  CSCICP03AUM665S done
  SMU05307804300000001SA done
  NASDAQNQCAT done
  IR4522USS done
  MODE706PBSVN done
  LAUCN540850000000005 done
  OHMONR1LFN done
  SMU27403409092000001SA done
  LRHUTTMATRM156N done
  IHLCHGFRTPMECO done
  SANT206NAN done
  VALIMPINM052N done
  POUG136FIREN done
  CPGDFD02GRM659N done
  LAUCN130890000000004 done
  CPIEDUSL done
  SMU22000002000000011 done
  SMU02218209091000001 done
  KSJACK5URN done
  SMU06415004100000001 done
  FLDESO7LFN done
  CES6500000017 done
  MEXCP010000GPM done
  GAFISA156MSFRBNY done
  BBKMCY done
  LAUCN300970000000004 done
  SMU26198046562100001SA done
  FORLTTREASPOS11207 done
  NASDAQNQEUROLMGBP done
  LRHUTTMAPLM156S done
  TURCPHPLA01GPM done
  YAKI453GOVTN done
  GBRPRMNTO01GPSAM done
  SVKPIEAMP02GPM done
  LFHU24FEATM647S done
  SMU55315404245200001 done
  SMU48000003133440001 done
  IPB51123N done
  IHLIDXAUTPSEPUSA done
  HUNSLRTTO02IXEBSAM done
  NASDAQNQMEA4510T done
  SMU10201009093000001 done
  CORP548LEIHN done
  JTS3000QUR done
  SMU17169847072200001 done
  SMU42379643232500001SA done
  SMU49393407072200001SA done
  SMU36935623000000001 done
  IMP6863 done
  ELCE906TRAD done
  USLTBONDNET32409 done
  DTMNSAMFRBDAL done
  CP0913DEM086NEST done
  CUURA400SAF11 done
  GRCSLRTTO02IXEBM done
  NASDAQNQUSL30202010 done
  CUURA000SACL1E done
  LAUMT482642000000005 done
  DEUPRMNIG01IXOBM done
  DNDGRG3M086SBEA done
  NASDAQNQCN40LMN done
  LNU02026619 done
  ESPPIEATI01GPM done
  CEU3200000011 done
  LAUCN370810000000005 done
  LTUCPHP1200GPM done
  CP0110DEM086NEST done
  SMU15465203000000008SA done
  NASDAQNQEMMEA4040N done
  SMU06418847072250001SA done
  SMU27403400700000001 done
  SMU26198203200000001 done
  NASDAQNQEM30LMN done
  ESPCPHP1200IXOBM done
  CP0724FIM086NEST done
  TOLE739LFN done
  CANWSCNDW01IXOBSAM done
  DETR826LEIHN done
  LAUCN270450000000005 done
  NASDAQNQTH60 done
  SMU38000000500000003 done
  SMU39181404245200001SA done
  PRTPROCONMISMEI done
  IPG3252N done
  OTLLCBW027SBOG done
  SMU39319004200000001SA done
  PCU5131305131301013 done
  LRHU24TTEEM156N done
  LFWA24FEKRM647S done
  EXPNONID done

[nozzle] 3200 scored points, 100 series, TimesFM3 fixed:
  grid: mean logpdf +2.0321
  local: mean logpdf +1.4159
  narrow: mean logpdf -0.3731
  wide: mean logpdf +2.1043
  mean per-point nozzle spread (max-min logpdf): 3.1276
  median per-point nozzle spread: 1.0373
  local vs grid, mean logpdf diff: -0.6162
  narrow vs grid, mean logpdf diff: -2.4052
  wide vs grid, mean logpdf diff: +0.0723
